
屌丝  网民  解构  阿Q  网络亚文化  贴吧  群体自嘲  身份卑微  
钟南山  肺癌患病率  深圳新闻网  政府工作  油品质量  呼吸疾病  
中国特色社会主义  社会主义初级阶段  科学发展观  生态文明  社会公平正义  居民收入  中华民族伟大复兴  主体功能区  国土空间开发  收入分配差距  城乡发展一体化  小康社会  改善民生  社会主义文化强国  事业单位  城镇化  培养选拔  理想信念  引领  社会主义市场经济体制  社会生产力  交流合作  全体人民  重要战略机遇  取得重大进展  生态系统  稳步推进  防控  加快转变  国际金融危机  军事斗争准备  地区扶持力度  社会主义先进文化  农业综合生产能力  食品药品安全  宏观调控体系  人民共同愿望  创新型国家  司法公信  基本养老保险  全体中华儿女  战略性新兴产业  海外合法权益  全体人民共同  党风廉政建设  面前人人平等  文化软实力  保证人民当家作主  社会救助体系  全民医保  政社分开  创新驱动发展  建设成效  人事制度改革  代表比例  面向未来  实体经济  科学化水平  基层党建  均等化  全面建成小康社会  城市社区  粮食安全  整体实力  年轻干部  政府主导  严重曲折  耕地保护  祖国内地  科学回答  充满活力  国内外形势  人民积极性  安全威胁  党代会代表  物质文化  监管体制  国际影响力  自觉遵守  劳动报酬  现代服务业  城乡社区  命运共同体  扎实推进  幸福安康  核心价值观  初次分配  国民收入分配  人民福祉  平等互信  毫不动摇坚持  项基本  重要战略机遇期  转变经济发展方式  加快转变经济发展方式  社会主义核心价值体系  建设取得重大进展  实现中华民族伟大复兴  军民融合式发展  基本公共服务均等化  改革开放  维护社会公平正义  
屌丝  网民  解构  阿Q  网络亚文化  贴吧  群体自嘲  身份卑微  
屌丝  网民  解构  屌丝文化  阿Q  网络亚文化  群体自嘲  身份卑微  富帅  
屌丝#网民#解构#屌丝文化#阿Q#网络亚文化#群体自嘲#身份卑微#富帅#






惠民殡葬政策#经营性公墓#城镇公益性公墓#基本殡葬服务#殡葬服务#公益性公墓建设#惠民殡葬#公益性公墓#城市公墓#殡葬服务市场#地区惠民殡葬#基本公共服务#殡葬暴利#服务市场#公共服务#公益性墓#发展水平#保障制度#殡葬事业#资金投入#民政部门依法#存在暴利#服务保障#县级财政#公墓价格#安葬服务#殡仪服务#购买墓地#减免补贴#丧葬用品#殡葬用品#骨灰寄存#城镇公益性公墓建设#
惠民殡葬政策#经营性公墓#城镇公益性公墓#基本殡葬服务#殡葬服务#公益性公墓建设#惠民殡葬#公益性公墓#城市公墓#殡葬服务市场#地区惠民殡葬#基本公共服务#殡葬暴利#服务市场#公共服务#公益性墓#发展水平#保障制度#殡葬事业#资金投入#民政部门依法#存在暴利#服务保障#县级财政#公墓价格#安葬服务#殡仪服务#购买墓地#减免补贴#丧葬用品#殡葬用品#骨灰寄存#城镇公益性公墓建设#


屌丝#网民#解构#屌丝文化#阿Q#网络亚文化#群体自嘲#身份卑微#
惠民殡葬政策#经营性公墓#城镇公益性公墓#基本殡葬服务#殡葬服务#公益性公墓建设#惠民殡葬#公益性公墓#城市公墓#殡葬服务市场#地区惠民殡葬#基本公共服务#殡葬暴利#服务市场#公共服务#公益性墓#发展水平#保障制度#殡葬事业#资金投入#民政部门依法#存在暴利#服务保障#县级财政#公墓价格#安葬服务#殡仪服务#购买墓地#减免补贴#丧葬用品#殡葬用品#骨灰寄存#城镇公益性公墓建设#
屌丝#网民#解构#屌丝文化#阿Q#网络亚文化#群体自嘲#身份卑微#
惠民殡葬政策#经营性公墓#城镇公益性公墓#基本殡葬服务#殡葬服务#公益性公墓建设#惠民殡葬#公益性公墓#城市公墓#殡葬服务市场#地区惠民殡葬#基本公共服务#殡葬暴利#服务市场#公共服务#公益性墓#发展水平#保障制度#殡葬事业#资金投入#民政部门依法#存在暴利#服务保障#县级财政#公墓价格#安葬服务#殡仪服务#购买墓地#减免补贴#丧葬用品#殡葬用品#骨灰寄存#城镇公益性公墓建设#
屌丝#网民#解构#屌丝文化#阿Q#网络亚文化#群体自嘲#身份卑微#
惠民殡葬政策#经营性公墓#城镇公益性公墓#基本殡葬服务#殡葬服务#公益性公墓建设#惠民殡葬#公益性公墓#城市公墓#殡葬服务市场#地区惠民殡葬#基本公共服务#殡葬暴利#服务市场#公共服务#公益性墓#发展水平#保障制度#殡葬事业#资金投入#民政部门依法#存在暴利#服务保障#县级财政#公墓价格#安葬服务#殡仪服务#购买墓地#减免补贴#丧葬用品#殡葬用品#骨灰寄存#城镇公益性公墓建设#
惠民殡葬政策#经营性公墓#城镇公益性公墓#基本殡葬服务#殡葬服务#公益性公墓建设#惠民殡葬#公益性公墓#城市公墓#殡葬服务市场#地区惠民殡葬#基本公共服务#殡葬暴利#服务市场#公共服务#公益性墓#发展水平#保障制度#殡葬事业#资金投入#民政部门依法#存在暴利#服务保障#县级财政#公墓价格#安葬服务#殡仪服务#购买墓地#减免补贴#丧葬用品#殡葬用品#骨灰寄存#城镇公益性公墓建设#
惠民殡葬政策#经营性公墓#城镇公益性公墓#基本殡葬服务#殡葬服务#公益性公墓建设#惠民殡葬#公益性公墓#城市公墓#殡葬服务市场#地区惠民殡葬#基本公共服务#殡葬暴利#服务市场#公共服务#公益性墓#发展水平#保障制度#殡葬事业#资金投入#民政部门依法#存在暴利#服务保障#县级财政#公墓价格#安葬服务#殡仪服务#购买墓地#减免补贴#丧葬用品#殡葬用品#骨灰寄存#城镇公益性公墓建设#
惠民殡葬政策#经营性公墓#城镇公益性公墓#基本殡葬服务#殡葬服务#公益性公墓建设#惠民殡葬#公益性公墓#城市公墓#殡葬服务市场#地区惠民殡葬#基本公共服务#殡葬暴利#服务市场#公共服务#公益性墓#发展水平#保障制度#殡葬事业#资金投入#民政部门依法#存在暴利#服务保障#县级财政#公墓价格#安葬服务#殡仪服务#购买墓地#减免补贴#丧葬用品#殡葬用品#骨灰寄存#城镇公益性公墓建设#
屌丝#网民#解构#屌丝文化#阿Q#网络亚文化#群体自嘲#身份卑微#
屌丝#网民#解构#屌丝文化#阿Q#网络亚文化#群体自嘲#身份卑微#
炼钢作业部#润滑脂#扇形段#润滑脂国产化#作业部#扇形段区域#一炼钢#石化企业#二炼钢#试用效果#试用国产#
屌丝身份#
屌丝身份#







屌丝身份#
war_crimes#rights_groups#Islamist_leaders#Pakistani_army#death_penalty#
加熔渣剂#无氟炼钢#熔渣剂#技术人员#无氟造渣剂#渣剂#无氟炼钢技术#炼钢技术#留渣#化渣剂#化渣#熔渣#渣速度#工艺路线#渣效果#常规工艺#氟离子#造渣#优化无氟炼钢技术#
异业合作#众筹#供应链#产品经理#动漫#需要大量#创客#商务拓展#娱乐营销#智能硬件#长期合作伙伴#动漫行业#提供优质#长期合作#战略合作#文化交流#资金需求#种子用户#移动互联网#综艺节目#需要引入#端商家#品质要求#
异业合作#众筹#供应链#产品经理#动漫#需要大量#创客#商务拓展#娱乐营销#智能硬件#长期合作伙伴#动漫行业#提供优质#长期合作#战略合作#文化交流#资金需求#种子用户#移动互联网#综艺节目#需要引入#端商家#品质要求#


藤湖南#
藤湖南#
藤湖南#
藤湖南#
藤湖南#




电影理想#电影市场#个元素#
电影理想#电影市场#个元素#
电影理想#电影市场#个元素#


飞越太空山#东涌线#米奇幻想曲#灰熊山谷#荃湾线#睡公主城堡#快速通行卡#灰姑娘旋转木马#卡通人物#幻想世界#港铁#欣澳#旺角#明日世界#飞跃太空山#烟花表演#花车巡游#荔景#取票#淘宝#狮子王庆典#玩遍#必玩#东涌#迷离庄园#电子票#东涌方向#楼主#海洋公园#焰火表演#旋转木马#太空山#荃湾#转乘#探险世界#实体票#睡美人城堡#个主题#飞越太空#灰熊#小小世界#轩爸#睡公主#合理安排#梦想花园#乐园指南#预约券#值得一#火箭餐厅#适合小孩子#机动游戏#公主城堡#森林河流#茶餐厅#港式#童话王国#泰山树#湾线#可以选择#西铁#个主题园区#游艺设施#剪彩活动#扫一下#小镇大街#卡通人物出现#做到欣澳#节省时间#太空飞碟#铜锣湾#旋转杯#飞象#飞天巡游#位于香港#道门#合照#坐公交#重点项目#奇缘#尼历险#利用预约#香港旅游#总体感觉#大型表演#玩下来#敢玩#天黑#跟团#营业时间#不用担心#适合一家#通往迪斯尼#慢慢玩#置身童话#粥店#网上预订#冒险乐园#士尼#预约抢购#梦幻国度#园儿#网上购票#阅读全部#票机#个空#深圳湾#空瓶#免费导游图#闭园#起床收拾#门票插入#工作人员#
飞越太空山#东涌线#灰熊山谷#荃湾线#睡公主城堡#快速通行卡#灰姑娘旋转木马#卡通人物#幻想世界#港铁#欣澳#明日世界#飞跃太空山#烟花表演#花车巡游#荔景#取票#淘宝#狮子王庆典#必玩#迷离庄园#电子票#楼主#海洋公园#焰火表演#旋转木马#太空山#荃湾#转乘#探险世界#实体票#睡美人城堡#飞越太空#灰熊#轩爸#睡公主#合理安排#梦想花园#乐园指南#预约券#值得一#火箭餐厅#适合小孩子#机动游戏#公主城堡#森林河流#茶餐厅#小小世界#港式#童话王国#泰山树#湾线#可以选择#西铁#游艺设施#剪彩活动#扫一下#小镇大街#卡通人物出现#做到欣澳#节省时间#太空飞碟#铜锣湾#旋转杯#飞象#飞天巡游#位于香港#合照#坐公交#重点项目#奇缘#尼历险#利用预约#香港旅游#总体感觉#大型表演#玩下来#敢玩#跟团#营业时间#不用担心#通往迪斯尼#慢慢玩#置身童话#粥店#网上预订#冒险乐园#士尼#预约抢购#梦幻国度#园儿#网上购票#阅读全部#票机#深圳湾#免费导游图#闭园#起床收拾#门票插入#工作人员#
